loaded 106905 pts from station1_pit_barrels [scan000.pcd (m)]
after voxel(0.02m): 70181 pts
plane[0]: -0.08x +0.25y +0.97z +15.03=0  (5555 inliers)
after plane removal: 64626 pts

345 cluster(s)

 id      n       cx      cy      cz     dx    dy    dz  match
  0   2139    49.7cm  192.2cm -1578.9cm  139.4 103.9 51.9cm
  1   1071    69.0cm   95.0cm -1589.7cm  92.1 79.7 26.2cm
  2     36     9.4cm  248.1cm -1567.1cm  10.9 12.3 12.9cm
  3   1928   132.0cm   85.5cm -1585.0cm  105.7 74.6 33.9cm
  4     27    -4.3cm  248.2cm -1595.0cm  10.7 11.3 11.3cm
  5    110    51.0cm  145.8cm -1596.8cm  38.0 26.8  8.5cm  <-
  6   9155   142.9cm   24.1cm -1509.7cm  165.1 168.7 96.2cm
  7   1270    25.0cm  106.2cm -1569.5cm  72.1 83.9 34.1cm  <-
  8     49   -24.7cm   95.3cm -1594.4cm  10.9 21.5 12.7cm
  9    217    -9.8cm   57.7cm -1592.0cm  21.5 58.8 20.2cm
 10   1140    40.7cm   45.8cm -1554.5cm  75.0 59.0 30.6cm  <-
 11     54    10.0cm   59.7cm -1580.6cm  21.1 14.4 15.2cm
 12    859   -38.6cm  -34.3cm -1535.1cm  58.8 93.3 25.4cm  <-
 13     29   -17.6cm   12.2cm -1592.7cm  14.1  9.8 13.4cm
 14     77   -25.1cm   -4.0cm -1582.3cm  15.1 21.7 16.9cm
 15   1626    20.0cm  -25.6cm -1503.8cm  58.1 94.9 59.6cm  <-
 16     86  -112.2cm  -55.2cm -1562.9cm  20.1 30.2 21.4cm
 17    174   -63.3cm  -69.8cm -1565.8cm  37.4 53.4 31.0cm  <-
 18     86   -84.4cm  -60.0cm -1540.4cm  17.9 28.7 19.4cm
 19     57  -118.8cm  -77.3cm -1557.4cm  19.5 22.5 18.4cm
 20     61  -143.5cm -100.3cm -1552.2cm  21.3 26.0 13.0cm
 21    101  -116.0cm -107.1cm -1546.5cm  29.6 33.8 15.3cm
 22     47   -91.7cm  -77.2cm -1537.2cm  17.2 19.1 17.3cm
 23     84    58.6cm   23.0cm -1566.6cm  26.3 23.5 16.5cm
 24     77   -99.5cm -104.4cm -1557.5cm  24.2 22.5 25.3cm
 25     20  -156.4cm  -77.5cm -1545.9cm   9.3 10.6  6.6cm
 26     89   -68.1cm  -88.8cm -1562.3cm  21.4 33.7 31.2cm
 27     25   -84.5cm  -93.7cm -1556.0cm  10.7 11.9 13.9cm
 28     88    62.7cm   14.0cm -1591.7cm  19.3 17.3 18.3cm
 29     27   -78.7cm -117.9cm -1594.6cm   8.3 11.0 13.3cm
 30    753    56.4cm  -49.3cm -1561.8cm  48.9 93.0 49.7cm  <-
 31     66    -0.0cm -106.4cm -1581.3cm  20.2 19.8 19.7cm
 32    134   -13.3cm -142.4cm -1579.9cm  32.6 30.7 16.5cm  <-
 33    106   -18.5cm -157.8cm -1575.5cm  37.7 29.8 16.7cm  <-
 34     86    18.8cm  -98.0cm -1577.4cm  29.6 15.7 17.7cm
 35     26   -35.9cm -168.6cm -1579.5cm  11.4 11.1 11.3cm
 36    215    85.1cm  -14.2cm -1580.3cm  47.7 18.3 37.4cm  <-
 37    761    37.9cm -124.0cm -1537.1cm  73.1 70.2 32.1cm  <-
 38    523    32.2cm -181.8cm -1488.6cm  87.0 40.8 48.8cm
 39    132   -11.5cm -292.3cm -1465.3cm  73.2 20.7 27.3cm  <-
 40     31   -18.6cm -276.3cm -1472.8cm  15.7 10.0 15.0cm
 41     51   -16.6cm -246.3cm -1590.9cm  24.3 15.6 13.9cm
 42     48    14.7cm -202.8cm -1492.7cm  19.8 15.6 17.5cm
 43     97    10.5cm -245.8cm -1509.3cm  43.2 14.3 33.1cm
 44     21    -5.2cm -275.5cm -1461.6cm   9.9  9.7 13.7cm
 45     38     8.9cm -259.2cm -1498.6cm  17.1 13.5 11.7cm
 46     44    16.1cm -231.9cm -1515.9cm  19.3 13.3 17.2cm
 47     74    48.4cm -169.0cm -1579.5cm  25.5 18.1 22.7cm
 48   1061    98.2cm  -88.5cm -1480.9cm  73.5 61.7 44.1cm  <-
 49     84    44.2cm -206.3cm -1471.0cm  33.6 17.4 21.6cm  <-
 50     30    17.1cm -274.8cm -1442.7cm  15.2 10.7  9.3cm
 51     26   -23.3cm -384.2cm -1498.4cm  14.8  8.9 11.5cm
 52     80    28.5cm -262.0cm -1447.1cm  38.2 10.5 32.4cm
 53     33    41.0cm -251.3cm -1501.3cm  12.0 17.2 11.2cm
 54     51    38.9cm -274.3cm -1432.3cm  25.1 13.9 14.4cm
 55     38    41.1cm -299.2cm -1447.1cm  23.6  9.1 10.4cm
 56     80    65.9cm -259.8cm -1422.9cm  37.5 16.6 15.1cm  <-
 57    559   118.9cm -171.9cm -1488.6cm  98.6 47.1 46.8cm
 58     64    78.4cm -234.6cm -1440.1cm  27.5 14.3 21.5cm
 59     21    62.4cm -283.0cm -1526.4cm   9.9 10.6  9.3cm
 60     95    76.1cm -278.9cm -1427.1cm  46.8 17.0 12.0cm  <-
 61     56    79.3cm -220.0cm -1442.6cm  21.1 14.9 20.0cm
 62    499   124.4cm -223.4cm -1436.6cm  93.9 46.6 65.6cm
 63     60   101.7cm -146.1cm -1519.2cm  27.6 13.7 11.5cm
 64     44   106.0cm -122.4cm -1492.6cm  20.3  9.0 15.1cm
 65     28    98.6cm -243.3cm -1415.3cm  14.6 10.1  9.3cm
 66     40   103.0cm -301.3cm -1434.5cm  20.6 17.7 13.6cm
 67     29   114.8cm -249.0cm -1430.7cm  13.2 11.0 10.5cm
 68     47   111.8cm -206.8cm -1444.4cm  23.5  8.2 13.7cm
 69     52   119.1cm -202.1cm -1483.1cm  22.7 13.4 16.5cm
 70     15   119.8cm -159.2cm -1512.6cm   7.6  8.2  8.4cm
 71    102   140.6cm -211.3cm -1460.2cm  40.4 14.4 37.6cm
 72     21   141.5cm -306.1cm -1489.3cm  11.8  8.3 12.5cm
 73     58   138.1cm -148.8cm -1466.7cm  19.0 17.4 25.7cm
 74     73   158.8cm -296.5cm -1511.9cm  34.0 14.7 27.4cm
 75     38   159.1cm -347.7cm -1542.5cm  23.8  8.9 11.1cm
 76     44   158.5cm -310.0cm -1500.8cm  20.8  9.4 19.3cm
 77    104   161.4cm -209.2cm -1548.6cm  36.2 28.0 13.3cm  <-
 78    858   156.4cm -101.5cm -1444.8cm  59.6 60.8 49.6cm  <-
 79     37   137.7cm  -79.0cm -1513.4cm  12.2  9.6 15.2cm
 80     16   -36.0cm -380.0cm -1497.2cm   8.4  9.6  7.2cm
 81     52   176.7cm -265.1cm -1484.1cm  23.4 16.5 13.1cm
 82     32   188.4cm -333.2cm -1561.7cm  17.6 12.7 12.2cm
 83     25   179.1cm -281.0cm -1479.7cm  11.5 12.6 11.6cm
 84     97   160.3cm -137.4cm -1444.8cm  33.4 19.5 17.1cm  <-
 85     30    11.1cm -355.5cm -1500.8cm  16.5 10.5 11.1cm
 86     21   139.0cm  -61.7cm -1534.4cm   8.3 11.4  6.2cm
 87   2159   197.1cm  -54.8cm -1475.9cm  122.6 78.6 57.0cm
 88     39   175.9cm -201.2cm -1497.8cm  20.2 11.1 10.8cm
 89     98   194.1cm -245.1cm -1489.6cm  44.7 20.5 16.4cm  <-
 90     22   203.5cm -323.7cm -1548.3cm  10.9  9.8  7.3cm
 91     96   191.3cm -230.3cm -1494.2cm  33.8 18.4 13.8cm  <-
 92     73   180.6cm -214.9cm -1493.4cm  28.1 19.9 14.1cm
 93     48   222.4cm -365.2cm -1561.0cm  25.6 11.0 12.5cm
 94     60   245.4cm -391.8cm -1543.4cm  33.5 14.8 13.5cm
 95     25   242.1cm -376.1cm -1551.6cm  12.7 13.2  7.9cm
 96     67   193.6cm -185.2cm -1464.6cm  21.6 21.6 14.7cm
 97     62   202.8cm -200.3cm -1467.1cm  21.8 17.8 19.2cm
 98     27   262.2cm -371.3cm -1553.1cm  19.0  6.7  8.5cm
 99     81   222.7cm -210.3cm -1466.3cm  28.2 20.2 10.7cm
100     25   245.9cm -313.9cm -1555.7cm  12.8 11.1  9.3cm
101    133   242.9cm -219.9cm -1467.2cm  50.5 25.3 15.9cm  <-
102    117   213.3cm -165.7cm -1427.8cm  29.2 30.8 36.2cm  <-
103     50   201.1cm -160.6cm -1515.3cm  17.8 17.7 13.7cm
104     25   196.2cm -146.4cm -1512.0cm  12.9 10.6 10.9cm
105     64   203.5cm -153.5cm -1429.4cm  18.2 18.2 21.3cm
106     38   241.7cm -236.9cm -1464.0cm  18.8 14.2 10.1cm
107     82   221.5cm -178.5cm -1426.1cm  25.9 21.9 30.6cm
108     62   202.3cm -123.1cm -1501.0cm  25.0 20.6  9.5cm
109    112   269.8cm -267.3cm -1517.2cm  48.5 26.6 13.3cm  <-
110     94   205.7cm -104.4cm -1501.0cm  24.1 19.6 18.5cm
111     77   223.8cm -135.0cm -1514.4cm  27.0 22.9 18.2cm
112     17   336.1cm -377.0cm -1578.3cm   7.3 10.9  8.7cm
113    330   236.1cm -143.5cm -1416.1cm  56.5 42.4 38.4cm  <-
114     51   284.8cm -247.0cm -1530.3cm  24.3 15.9 11.5cm
115    279   252.7cm -123.8cm -1449.0cm  83.6 26.7 53.1cm
116     25   318.3cm -285.7cm -1561.0cm  11.7 11.7  9.0cm
117     34   356.4cm -366.6cm -1538.4cm  17.3 17.3 11.0cm
118     26   248.2cm -159.2cm -1415.0cm  12.4 10.5 11.5cm
119     28   225.2cm -116.8cm -1516.5cm   9.9 10.4 11.2cm
120     45   209.4cm -256.2cm -1481.5cm  24.9 12.3 11.3cm
121    141   285.6cm -180.7cm -1477.4cm  48.5 33.1 18.4cm  <-
122     29   278.8cm -203.3cm -1473.3cm  14.0 11.1  7.6cm
123     30   370.4cm -351.3cm -1529.0cm  15.6 13.8 10.0cm
124     21   258.3cm -157.7cm -1426.9cm   8.0 14.7  8.1cm
125     53   249.5cm -132.0cm -1564.1cm  16.4 16.5 13.1cm
126     85   312.5cm -219.0cm -1509.8cm  36.1 27.3 12.8cm  <-
127     49   240.6cm -111.2cm -1548.7cm  19.4 15.7 14.4cm
128     20   273.2cm -157.6cm -1448.4cm   9.8  9.2 10.4cm
129     27   431.1cm -375.1cm -1546.2cm  15.7 13.4 10.8cm
130     15   424.8cm -354.6cm -1549.9cm   8.2  9.4  7.6cm
131     40   270.9cm -137.9cm -1444.0cm  16.7 13.2 13.7cm
132     14   431.9cm -348.4cm -1547.9cm   7.1  8.2  8.9cm
133     25   350.7cm -231.0cm -1543.8cm  11.9 11.8 10.0cm
134    251   262.3cm  -95.4cm -1494.0cm  44.6 40.6 27.3cm  <-
135     21    31.6cm -232.7cm -1503.5cm  12.5  8.1  8.2cm
136     41   263.9cm -112.6cm -1469.3cm  16.8  9.2 15.9cm
137     82   291.6cm -127.8cm -1462.0cm  32.5 22.9 20.0cm  <-
138     19   444.2cm -319.6cm -1557.3cm  10.8  8.3  6.2cm
139     52   368.8cm -221.5cm -1550.7cm  19.0 18.2 14.5cm
140     24   444.1cm -297.9cm -1565.2cm  14.5 11.1  8.6cm
141     33   403.0cm -227.0cm -1525.4cm  14.7 14.0  9.3cm
142    148   323.1cm -113.2cm -1450.9cm  36.3 44.8 26.2cm  <-
143     43   287.3cm  -98.4cm -1485.2cm  13.0 15.4 12.5cm
144     35   311.4cm -119.1cm -1540.2cm  12.1 17.7  8.9cm
145    155   337.6cm -123.6cm -1455.0cm  38.7 48.9 29.1cm  <-
146     78   373.0cm -168.7cm -1512.0cm  26.4 40.2 24.0cm
147     87   383.8cm -190.3cm -1523.6cm  28.7 38.1 22.3cm
148     55   350.2cm -137.1cm -1458.9cm  16.2 21.0 15.1cm
149    145   320.5cm  -95.1cm -1457.4cm  36.1 36.5 28.8cm  <-
150     53   431.0cm -185.0cm -1552.3cm  16.2 27.4 16.5cm
151     80   306.2cm  -77.8cm -1559.8cm  23.5 18.3 14.8cm
152     19   335.2cm -355.2cm -1580.7cm  11.0  8.6  9.7cm
153     31   230.1cm  -25.6cm -1519.1cm   9.2 10.5 18.0cm
154    103   321.3cm  -81.0cm -1483.9cm  27.1 30.7 28.1cm
155     49   448.7cm -185.1cm -1539.1cm  17.1 23.4 13.5cm
156     39   423.5cm -172.8cm -1564.7cm  14.1 19.5  9.5cm
157     33   357.9cm -119.5cm -1448.8cm  11.9 16.4  9.7cm
158    823   304.6cm  -27.4cm -1491.9cm  70.6 65.6 56.0cm  <-
159     51   244.1cm  -16.4cm -1539.9cm  11.7 23.6  8.9cm
160     54   187.3cm   23.5cm -1558.7cm  14.5 19.6 21.0cm
161    104   265.8cm  -19.3cm -1577.8cm  25.0 29.0 34.0cm  <-
162     27   484.6cm -186.6cm -1561.9cm  12.0 13.8  6.6cm
163     26   344.5cm  -89.4cm -1458.6cm   9.9  9.7 15.5cm
164     20   195.0cm   20.0cm -1596.6cm   9.5  8.1  9.2cm
165     36   429.2cm -131.2cm -1565.2cm  13.5 21.7  9.4cm
166    102   450.5cm -122.5cm -1508.4cm  22.3 48.3 26.6cm
167     35   457.0cm -158.8cm -1520.7cm  14.2 18.6 11.9cm
168     55   405.3cm -112.4cm -1536.7cm  18.0 23.5 11.7cm
169     26   393.9cm -105.7cm -1547.5cm  10.5 11.8 10.4cm
170     31   347.2cm  -74.1cm -1488.4cm  14.3 10.2 13.6cm
171     58   275.4cm  -18.5cm -1516.7cm  18.6 20.8 18.2cm
172     16   215.1cm   13.6cm -1533.4cm  10.9  3.8  8.8cm
173     50   437.0cm -106.4cm -1504.7cm  12.1 24.2 16.9cm
174     25   426.3cm  -94.9cm -1512.4cm   9.2 15.3 14.6cm
175     43   258.4cm   -1.5cm -1582.5cm  10.2 16.0 15.1cm
176     21   389.5cm  -70.3cm -1541.9cm   8.0  9.8 12.4cm
177     26   226.2cm -379.9cm -1551.1cm  13.8 10.2  7.3cm
178     25   376.3cm  -55.2cm -1536.7cm   9.3 11.3 14.4cm
179     22   230.7cm   15.2cm -1578.7cm  10.9  5.6 12.5cm
180     25    66.8cm -172.7cm -1513.1cm  12.0 13.0  5.6cm
181    113   281.0cm    0.5cm -1541.5cm  30.7 23.5 13.7cm
182     28   341.7cm  -39.0cm -1476.6cm  13.9 13.9 10.9cm
183     43   390.4cm  -58.3cm -1526.1cm  12.3 19.0 19.1cm
184     41   439.0cm  -80.1cm -1524.2cm  15.0 14.7 17.7cm
185     30   376.6cm  -44.3cm -1524.0cm  13.5 13.7 12.9cm
186    318   259.5cm   29.8cm -1553.6cm  38.8 65.4 35.4cm  <-
187     15   355.8cm  -32.7cm -1507.0cm   9.1 10.8  7.2cm
188     74   442.6cm  -38.0cm -1493.6cm  16.2 33.7 15.6cm
189     21    49.9cm -185.0cm -1574.8cm   9.3  8.1  7.2cm
190   1113   246.7cm   97.8cm -1583.7cm  99.1 117.2 35.1cm
191   1800   121.4cm  131.6cm -1552.9cm  80.0 60.9 50.8cm  <-
192   1366   202.3cm  175.3cm -1545.4cm  78.0 84.0 58.3cm  <-
193    352   307.7cm  123.7cm -1549.9cm  53.7 47.6 31.8cm  <-
194    168   111.3cm  229.1cm -1594.7cm  42.6 19.3 13.7cm  <-
195    661   352.8cm  159.2cm -1585.4cm  88.0 70.0 32.2cm
196     14   133.2cm -310.5cm -1496.4cm   6.9  8.2  7.4cm
197     15   114.2cm -299.1cm -1511.0cm   7.3  8.2  7.9cm
198     15   296.2cm  -91.7cm -1495.8cm   8.6  7.6  9.2cm
199    149   357.4cm   17.6cm -1517.1cm  20.9 50.4 29.1cm
200     76   290.4cm  152.6cm -1582.0cm  20.4 19.6 19.4cm
201     30   291.6cm -353.3cm -1581.1cm  17.5  9.7 10.5cm
202     25   317.7cm   37.6cm -1548.9cm   6.2 14.2 11.4cm
203     40   370.3cm   89.8cm -1555.5cm   9.6 22.9 13.0cm
204     84   450.4cm   38.9cm -1568.0cm  16.8 34.6 13.4cm
205     49   296.1cm   37.2cm -1534.6cm  12.2 23.1 11.6cm
206     23   368.9cm  114.3cm -1547.7cm   9.8 11.9 10.9cm
207     34   229.2cm   37.1cm -1535.7cm  13.5 11.9 16.2cm
208     63   343.7cm  199.6cm -1568.2cm  24.9 20.6 13.5cm
209     31   306.4cm  158.7cm -1584.3cm  10.3 11.5 15.5cm
210    315   352.1cm   93.2cm -1569.6cm  40.1 58.1 28.1cm  <-
211    100   307.9cm   70.1cm -1538.7cm  31.6 24.0 15.9cm
212     97   316.9cm   11.1cm -1568.6cm  18.2 34.7 27.6cm
213     15    53.6cm -277.2cm -1515.9cm   7.0  8.5  7.8cm
214    294   155.6cm  168.9cm -1577.9cm  44.9 50.0 23.9cm  <-
215    115   281.4cm  132.8cm -1581.6cm  11.3 38.8 34.4cm  <-
216    136   198.1cm  106.1cm -1596.0cm  35.9 24.7 17.7cm  <-
217     62   370.3cm    3.1cm -1513.3cm  13.4 22.1 16.2cm
218     94   415.8cm   44.8cm -1572.0cm  15.4 36.3 26.2cm
219     45   345.0cm   17.0cm -1526.1cm  13.7 19.6 11.2cm
220     24   364.8cm   40.0cm -1592.7cm   8.1 11.1 11.8cm
221     17    81.4cm -390.3cm -1509.3cm  11.5  3.9  6.4cm
222     74   455.8cm  -42.4cm -1486.7cm  16.2 33.6 21.4cm
223     66   412.0cm   -6.4cm -1535.9cm  22.4 24.1 23.2cm
224    163   313.4cm   92.5cm -1566.8cm  43.0 23.8 20.2cm  <-
225     67   386.1cm -223.8cm -1538.6cm  32.7 27.9 13.0cm  <-
226    124   340.0cm   36.4cm -1573.9cm  22.8 37.7 29.3cm
227     60   329.4cm   10.3cm -1542.2cm  15.5 19.9 17.9cm
228     49   426.6cm  -15.2cm -1532.0cm  14.5 22.3 14.5cm
229     19   331.5cm  139.5cm -1570.9cm   7.4  8.6  8.3cm
230     29   297.7cm  214.9cm -1595.0cm  12.3 12.6  8.6cm
231     36   439.6cm -157.3cm -1529.6cm  11.8 18.7 14.3cm
232    116   432.3cm   40.4cm -1570.4cm  16.5 45.3 19.9cm
233     81   215.1cm  237.6cm -1588.6cm  24.2 20.2 15.7cm
234     24   386.0cm -305.6cm -1509.1cm  13.3 11.9  9.8cm
235     61   303.2cm   59.1cm -1551.6cm  19.5 20.5 11.1cm
236     86   490.0cm   46.3cm -1569.0cm  13.9 44.1 11.8cm
237     15   431.6cm -304.4cm -1560.8cm   8.1  7.6  6.2cm
238    170   225.7cm   51.8cm -1518.5cm  32.2 50.8 23.4cm  <-
239     21   265.0cm  -49.0cm -1483.7cm   7.0 14.4 12.9cm
240     20   284.2cm  103.0cm -1552.6cm   5.8 12.0  8.3cm
241     63   282.3cm  206.0cm -1594.2cm  21.4 17.6 11.2cm
242     31   189.9cm -173.8cm -1479.8cm  12.2  8.5 19.7cm
243     11    69.5cm -389.9cm -1510.1cm   7.2  3.0  7.4cm
244     37    41.1cm -268.0cm -1500.8cm  16.8 14.1 17.0cm
245     23   261.1cm  -27.2cm -1483.7cm   7.9 10.5 13.2cm
246     22   425.6cm -107.7cm -1526.5cm   5.1 10.8 11.8cm
247     12    32.2cm -176.3cm -1588.9cm   8.7  9.2  5.0cm
248     29    82.6cm -249.4cm -1435.5cm  14.4 11.4 15.6cm
249     53   423.1cm  181.5cm -1595.4cm  18.1 24.5 10.6cm
250     42   249.2cm  156.4cm -1587.5cm   8.4 13.9 16.9cm
251     25   278.5cm   27.6cm -1535.0cm   9.2 16.1  7.2cm
252     37   284.0cm   48.9cm -1539.5cm  13.7 15.9 10.8cm
253     20   288.8cm   65.4cm -1553.9cm  11.9 10.8  4.5cm
254    134   171.5cm  150.0cm -1591.0cm  32.1 30.5 16.9cm  <-
255     33   472.4cm    8.5cm -1537.0cm  15.5 18.7  9.1cm
256     38   387.4cm  -20.6cm -1529.2cm  14.9 14.0 15.1cm
257     14   204.8cm -137.3cm -1423.7cm   7.1  7.5  7.7cm
258     65   412.3cm   93.5cm -1566.6cm  15.9 31.3 14.4cm
259     91   470.0cm   45.5cm -1569.3cm  18.3 48.1 18.1cm
260     15    75.4cm -201.7cm -1488.6cm   6.5  9.0  9.5cm
261     59   323.4cm -240.5cm -1522.5cm  28.2 20.6 14.1cm
262     43   387.1cm   28.3cm -1550.5cm  14.4 16.2 13.6cm
263     32   324.1cm  199.3cm -1573.3cm   9.4 15.1 12.4cm
264     34   140.8cm  226.1cm -1597.1cm  13.0 16.1  6.5cm
265     28   487.3cm    8.9cm -1527.9cm  10.9 13.9 12.0cm
266     16   328.6cm -292.0cm -1542.1cm   8.7  9.8  6.1cm
267     15   235.3cm  205.5cm -1597.4cm   7.5  8.3  6.0cm
268     11    24.4cm -355.7cm -1496.3cm   7.1  6.3  6.5cm
269     27   131.0cm  213.5cm -1595.8cm  18.2 10.9  6.3cm
270     27   439.7cm   93.2cm -1588.7cm  10.6 16.1  7.4cm
271     24   376.1cm -294.8cm -1517.9cm  10.7  7.9 10.8cm
272     33   368.8cm  208.5cm -1594.4cm  14.8 15.8  9.7cm
273     21   389.8cm -238.8cm -1525.2cm   9.1 10.6  9.4cm
274     28   360.5cm  -23.1cm -1513.3cm   9.9 17.0  8.8cm
275     28   355.9cm -213.6cm -1563.4cm  12.7 13.9  9.1cm
276     15   349.3cm -350.1cm -1543.1cm   8.3  6.9  9.8cm
277     18   469.3cm  -64.8cm -1490.8cm   7.5  9.1  9.3cm
278     33   244.1cm   21.2cm -1588.6cm  14.4 15.1 10.8cm
279     26   135.9cm -255.5cm -1448.0cm  16.7  6.5 10.2cm
280     12   375.8cm  -63.3cm -1547.6cm   8.1  5.5  6.2cm
281     15   151.4cm   64.4cm -1520.4cm   9.1  7.7  9.9cm
282     21   430.1cm -246.2cm -1554.5cm   9.6 12.7  7.5cm
283     12   339.3cm  -79.3cm -1475.7cm   9.4  4.8  4.8cm
284     21   411.9cm  -91.1cm -1570.0cm   8.0  9.1 12.3cm
285      9   382.7cm   19.0cm -1540.8cm   3.5  5.1  7.8cm
286     22   459.4cm -195.8cm -1530.4cm  10.3 11.8  6.4cm
287     15    65.0cm -214.8cm -1483.3cm   6.3  8.7  9.5cm
288     16   312.6cm -338.2cm -1571.0cm  10.5  6.8  5.4cm
289     33   -56.1cm -378.1cm -1587.4cm  18.7 14.5  8.3cm
290     20    53.1cm -357.5cm -1487.6cm  14.3  5.7  7.6cm
291     20   346.6cm -289.9cm -1558.4cm  11.3 12.7  6.7cm
292     16   245.1cm -298.0cm -1562.9cm   8.1  9.3  6.4cm
293     37   276.4cm -282.4cm -1512.1cm  21.5 15.9 10.6cm
294     29   288.0cm -379.6cm -1544.1cm  17.7 10.0  9.4cm
295     26   456.7cm  -78.5cm -1516.1cm  11.5 12.1  9.3cm
296     15   101.4cm -286.1cm -1436.9cm   7.1  5.7  8.3cm
297     23   211.3cm -384.2cm -1555.3cm  12.7 11.3  6.1cm
298     24   391.4cm   80.9cm -1552.8cm   8.8 14.6  8.7cm
299     11   418.0cm   75.5cm -1577.3cm   8.5  7.0  4.7cm
300     16   371.9cm   69.0cm -1550.9cm   8.5  9.2  9.0cm
301     16   138.4cm -215.2cm -1527.8cm   6.4  7.4  9.1cm
302     15   404.4cm  -63.8cm -1518.5cm   9.3  8.2  5.1cm
303     23   335.2cm -261.4cm -1536.4cm  11.3  9.2 10.1cm
304     15   368.4cm -306.0cm -1570.0cm   9.9  5.7  9.5cm
305     19   216.4cm -323.7cm -1554.2cm  11.2  9.8  8.7cm
306     16   442.6cm -364.8cm -1544.0cm   8.8  9.9  4.5cm
307     14    73.0cm -136.5cm -1538.0cm   9.3  8.8  5.9cm
308     15   -10.5cm -388.6cm -1498.6cm  10.7  7.7  7.1cm
309     17    -5.7cm -259.3cm -1511.5cm   8.9  5.9  8.2cm
310     15   130.3cm -291.7cm -1493.1cm  10.4  6.2  9.3cm
311     15    82.6cm -190.5cm -1507.7cm   7.3  8.5  6.4cm
312     18   399.7cm  193.4cm -1598.4cm   9.1 10.7  5.3cm
313     21   415.4cm   21.3cm -1582.5cm   2.8 12.2 10.5cm
314     18   399.7cm    6.6cm -1544.2cm   8.2  8.9  9.3cm
315     13    84.9cm  -61.7cm -1529.2cm   5.7  8.5  5.2cm
316     24   391.6cm  -37.8cm -1507.0cm   9.8 14.7  9.5cm
317     25   108.5cm -327.5cm -1453.6cm  15.3 10.6 10.3cm
318     19   177.7cm -345.7cm -1545.1cm  15.9  4.8 10.8cm
319     17   186.8cm -395.8cm -1567.2cm  11.3  7.5  5.3cm
320     15   269.6cm  -66.8cm -1482.4cm   7.2 11.1  6.2cm
321      9   -49.0cm -284.9cm -1480.2cm   7.8  8.7  3.6cm
322     17   426.9cm  -41.6cm -1503.6cm   5.4 10.9  7.0cm
323     26   432.9cm -133.2cm -1527.9cm   8.6 13.2 11.2cm
324     15    -9.9cm -203.8cm -1520.2cm   9.2  7.4  8.6cm
325     11   255.2cm -232.8cm -1466.2cm   7.3  5.3  5.6cm
326     19   466.2cm  -22.1cm -1495.9cm   7.9  7.7 11.2cm
327     13   326.6cm -268.6cm -1538.1cm   7.7  9.6  7.3cm
328     15   465.5cm -137.4cm -1512.5cm   8.5 10.0  5.2cm
329     15   439.9cm -203.0cm -1550.4cm   8.2  7.9  7.3cm
330     18   193.9cm -342.6cm -1543.5cm  12.3  7.0  7.8cm
331     16    80.2cm -302.2cm -1439.6cm  11.7  5.5  6.4cm
332     16   420.5cm -257.0cm -1555.1cm  11.8  9.9  8.7cm
333     16   166.9cm -368.7cm -1548.8cm   9.0  6.4  6.6cm
334     15    97.8cm -355.7cm -1475.6cm  10.0  5.4  5.4cm
335     11    33.1cm -357.6cm -1494.9cm   8.5  5.6  5.4cm
336     15    -8.4cm -354.4cm -1509.8cm   9.5  7.0  7.5cm
337     15   360.1cm -337.0cm -1532.4cm   7.0  8.1  7.5cm
338     15   271.6cm -383.0cm -1540.3cm  10.3  6.6  5.5cm
339     24   443.6cm -341.4cm -1550.5cm  13.7 10.0  9.4cm
340     15   113.7cm -352.7cm -1469.9cm   9.3  6.1  7.2cm
341     14   396.8cm  134.4cm -1588.7cm  10.5  6.7  8.7cm
342     15   378.9cm   97.0cm -1538.8cm  10.4  9.4  7.9cm
343     15   426.7cm  -55.0cm -1516.4cm   4.6  7.8  9.4cm
344     11   274.4cm  -64.9cm -1491.3cm   3.7  9.9  6.3cm

kept 47 cluster(s): [5, 7, 10, 12, 15, 17, 30, 32, 33, 36, 37, 39, 48, 49, 56, 60, 77, 78, 84, 89, 91, 101, 102, 109, 113, 121, 126, 134, 137, 142, 145, 149, 158, 161, 186, 191, 192, 193, 194, 210, 214, 215, 216, 224, 225, 238, 254]
  cluster 5: 110 downsampled -> 185 full-res pts
  cluster 7: 1270 downsampled -> 2242 full-res pts
  cluster 10: 1140 downsampled -> 2354 full-res pts
  cluster 12: 859 downsampled -> 1172 full-res pts
  cluster 15: 1626 downsampled -> 2395 full-res pts
  cluster 17: 174 downsampled -> 235 full-res pts
  cluster 30: 753 downsampled -> 1137 full-res pts
  cluster 32: 134 downsampled -> 169 full-res pts
  cluster 33: 106 downsampled -> 147 full-res pts
  cluster 36: 215 downsampled -> 323 full-res pts
  cluster 37: 761 downsampled -> 1001 full-res pts
  cluster 39: 132 downsampled -> 156 full-res pts
  cluster 48: 1061 downsampled -> 1465 full-res pts
  cluster 49: 84 downsampled -> 128 full-res pts
  cluster 56: 80 downsampled -> 104 full-res pts
  cluster 60: 95 downsampled -> 131 full-res pts
  cluster 77: 104 downsampled -> 137 full-res pts
  cluster 78: 858 downsampled -> 1192 full-res pts
  cluster 84: 97 downsampled -> 148 full-res pts
  cluster 89: 98 downsampled -> 127 full-res pts
  cluster 91: 96 downsampled -> 116 full-res pts
  cluster 101: 133 downsampled -> 177 full-res pts
  cluster 102: 117 downsampled -> 158 full-res pts
  cluster 109: 112 downsampled -> 138 full-res pts
  cluster 113: 330 downsampled -> 444 full-res pts
  cluster 121: 141 downsampled -> 197 full-res pts
  cluster 126: 85 downsampled -> 106 full-res pts
  cluster 134: 251 downsampled -> 342 full-res pts
  cluster 137: 82 downsampled -> 110 full-res pts
  cluster 142: 148 downsampled -> 208 full-res pts
  cluster 145: 155 downsampled -> 214 full-res pts
  cluster 149: 145 downsampled -> 187 full-res pts
  cluster 158: 823 downsampled -> 1127 full-res pts
  cluster 161: 104 downsampled -> 142 full-res pts
  cluster 186: 318 downsampled -> 493 full-res pts
  cluster 191: 1800 downsampled -> 3229 full-res pts
  cluster 192: 1366 downsampled -> 1874 full-res pts
  cluster 193: 352 downsampled -> 494 full-res pts
  cluster 194: 168 downsampled -> 216 full-res pts
  cluster 210: 315 downsampled -> 418 full-res pts
  cluster 214: 294 downsampled -> 521 full-res pts
  cluster 215: 115 downsampled -> 163 full-res pts
  cluster 216: 136 downsampled -> 216 full-res pts
  cluster 224: 163 downsampled -> 215 full-res pts
  cluster 225: 67 downsampled -> 93 full-res pts
  cluster 238: 170 downsampled -> 299 full-res pts
  cluster 254: 134 downsampled -> 221 full-res pts
47 candidate cluster(s)
  cluster[0] n=   185 fit_n=   185  r= 13.53cm  axis=[+0.78 +0.63 +0.03]  inliers=86  REJECT (radius out of band)
  cluster[1] n=  2242 fit_n=  2242  r= 18.86cm  axis=[-0.40 -0.91 +0.03]  inliers=693  REJECT (radius out of band)
  cluster[2] n=  2354 fit_n=  2354  r= 94.20cm  axis=[+0.29 -0.96 +0.02]  inliers=734  REJECT (radius out of band)
  cluster[3] n=  1172 fit_n=  1172  r= 31.45cm  axis=[-0.56 +0.83 +0.00]  inliers=482  KEEP
  cluster[4] n=  2395 fit_n=  2395  r=120.22cm  axis=[+0.69 -0.73 -0.00]  inliers=622  REJECT (radius out of band)
  cluster[5] n=   235 fit_n=   235  r= 10.24cm  axis=[-0.60 +0.80 +0.04]  inliers=104  REJECT (radius out of band)
  cluster[6] n=  1137 fit_n=  1137  r= 25.85cm  axis=[+0.88 -0.47 +0.02]  inliers=284  KEEP
  cluster[7] n=   169 fit_n=   169  r=  4.88cm  axis=[+0.86 -0.50 +0.02]  inliers=97  REJECT (radius out of band)
  cluster[8] n=   147 fit_n=   147  r=  4.18cm  axis=[+0.86 -0.51 +0.01]  inliers=90  REJECT (radius out of band)
  cluster[9] n=   323 fit_n=   323  r= 17.62cm  axis=[+0.95 -0.32 +0.01]  inliers=180  REJECT (radius out of band)
  cluster[10] n=  1001 fit_n=  1001  r=  8.87cm  axis=[+0.92 -0.39 +0.00]  inliers=280  REJECT (radius out of band)
  cluster[11] n=   156 fit_n=   156  r= 29.50cm  axis=[+0.95 -0.32 +0.00]  inliers=117  KEEP
  cluster[12] n=  1465 fit_n=  1465  r= 15.86cm  axis=[+0.99 -0.11 +0.01]  inliers=391  REJECT (radius out of band)
  cluster[13] n=   128 fit_n=   128  r=  6.32cm  axis=[+0.97 -0.24 +0.04]  inliers=41  REJECT (radius out of band)
  cluster[14] n=   104 fit_n=   104  r=  7.02cm  axis=[+0.99 -0.17 +0.02]  inliers=69  REJECT (radius out of band)
  cluster[15] n=   131 fit_n=   131  r=  5.07cm  axis=[+0.99 -0.10 -0.00]  inliers=97  REJECT (radius out of band)
  cluster[16] n=   137 fit_n=   137  r=  9.40cm  axis=[+1.00 +0.10 +0.00]  inliers=91  REJECT (radius out of band)
  cluster[17] n=  1192 fit_n=  1192  r= 61.59cm  axis=[+0.97 +0.23 -0.00]  inliers=379  REJECT (radius out of band)
  cluster[18] n=   148 fit_n=   148  r=  6.90cm  axis=[+0.98 +0.21 +0.01]  inliers=89  REJECT (radius out of band)
  cluster[19] n=   127 fit_n=   127  r=  4.93cm  axis=[+0.94 +0.34 +0.01]  inliers=80  REJECT (radius out of band)
  cluster[20] n=   116 fit_n=   116  r=  6.81cm  axis=[+0.96 +0.27 +0.01]  inliers=76  REJECT (radius out of band)
  cluster[21] n=   177 fit_n=   177  r=  6.06cm  axis=[+0.89 +0.45 +0.02]  inliers=98  REJECT (radius out of band)
  cluster[22] n=   158 fit_n=   158  r= 18.03cm  axis=[+0.98 +0.22 -0.01]  inliers=35  REJECT (radius out of band)
  cluster[23] n=   138 fit_n=   138  r=  3.77cm  axis=[+0.88 +0.48 +0.02]  inliers=87  REJECT (radius out of band)
  cluster[24] n=   444 fit_n=   444  r= 15.31cm  axis=[+0.87 +0.49 +0.02]  inliers=128  REJECT (radius out of band)
  cluster[25] n=   197 fit_n=   197  r=  5.26cm  axis=[+0.86 +0.50 +0.01]  inliers=103  REJECT (radius out of band)
  cluster[26] n=   106 fit_n=   106  r=  3.94cm  axis=[+0.81 +0.58 +0.02]  inliers=72  REJECT (radius out of band)
  cluster[27] n=   342 fit_n=   342  r=  8.44cm  axis=[+0.73 +0.68 -0.02]  inliers=166  REJECT (radius out of band)
  cluster[28] n=   110 fit_n=   110  r=  7.15cm  axis=[+0.82 +0.57 -0.02]  inliers=52  REJECT (radius out of band)
  cluster[29] n=   208 fit_n=   208  r= 16.31cm  axis=[+0.60 +0.80 +0.02]  inliers=103  REJECT (radius out of band)
  cluster[30] n=   214 fit_n=   214  r= 18.16cm  axis=[+0.56 +0.83 +0.04]  inliers=104  REJECT (radius out of band)
  cluster[31] n=   187 fit_n=   187  r=  9.44cm  axis=[+0.64 +0.77 -0.03]  inliers=54  REJECT (radius out of band)
  cluster[32] n=  1127 fit_n=  1127  r= 21.25cm  axis=[+0.45 +0.89 +0.00]  inliers=152  KEEP
  cluster[33] n=   142 fit_n=   142  r= 14.57cm  axis=[+0.54 +0.84 -0.02]  inliers=92  REJECT (radius out of band)
  cluster[34] n=   493 fit_n=   493  r= 17.78cm  axis=[-0.27 -0.96 +0.01]  inliers=199  REJECT (radius out of band)
  cluster[35] n=  3229 fit_n=  3229  r= 28.65cm  axis=[+1.00 -0.06 -0.01]  inliers=818  KEEP
  cluster[36] n=  1874 fit_n=  1874  r= 16.55cm  axis=[+0.78 -0.63 -0.01]  inliers=393  REJECT (radius out of band)
  cluster[37] n=   494 fit_n=   494  r=  9.27cm  axis=[-0.32 +0.95 +0.01]  inliers=172  REJECT (radius out of band)
  cluster[38] n=   216 fit_n=   216  r=  4.97cm  axis=[+1.00 +0.05 +0.03]  inliers=139  REJECT (radius out of band)
  cluster[39] n=   418 fit_n=   418  r=  9.11cm  axis=[+0.14 -0.99 -0.03]  inliers=231  REJECT (radius out of band)
  cluster[40] n=   521 fit_n=   521  r=  9.27cm  axis=[+0.94 -0.34 +0.01]  inliers=242  REJECT (radius out of band)
  cluster[41] n=   163 fit_n=   163  r= 46.76cm  axis=[-0.38 +0.92 +0.03]  inliers=117  REJECT (radius out of band)
  cluster[42] n=   216 fit_n=   216  r=  9.31cm  axis=[+0.44 -0.90 -0.02]  inliers=132  REJECT (radius out of band)
  cluster[43] n=   215 fit_n=   215  r=  9.07cm  axis=[+0.08 -1.00 +0.02]  inliers=101  REJECT (radius out of band)
  cluster[44] n=    93 fit_n=    93  r=  3.81cm  axis=[+0.75 +0.66 -0.00]  inliers=67  REJECT (radius out of band)
  cluster[45] n=   299 fit_n=   299  r= 11.86cm  axis=[+0.13 +0.99 -0.06]  inliers=195  REJECT (radius out of band)
  cluster[46] n=   221 fit_n=   221  r= 12.12cm  axis=[+0.81 -0.59 -0.03]  inliers=118  REJECT (radius out of band)

wrote 5 detection(s) -> /home/bharath/Projects/masters/methods/ransac_cylinder/results/station1_pit_barrels/predictions.json  (3.24s)
