loaded 106905 pts from station1_pit_barrels [scan000.pcd (m)]
after voxel(0.02m): 70181 pts
plane[0]: -0.09x +0.23y +0.97z +15.15=0  (5286 inliers)
after plane removal: 64895 pts

350 cluster(s)

 id      n       cx      cy      cz     dx    dy    dz  match
  0   2182    50.0cm  191.6cm -1579.2cm  142.6 103.9 51.9cm
  1    908    71.3cm   96.2cm -1591.5cm  88.3 75.4 22.7cm
  2     36     9.4cm  248.1cm -1567.1cm  10.9 12.3 12.9cm
  3   1734   135.2cm   87.3cm -1586.6cm  91.3 67.7 29.9cm
  4     27    -4.3cm  248.2cm -1595.0cm  10.7 11.3 11.3cm
  5     72    52.5cm  144.5cm -1597.5cm  33.0 21.6  6.2cm  <-
  6   9538   141.8cm   23.0cm -1511.1cm  172.7 169.3 100.1cm
  7   1405    24.5cm  105.7cm -1570.5cm  72.3 84.8 36.8cm  <-
  8     34   -25.4cm   93.5cm -1596.2cm   9.7 15.6  9.0cm
  9   1420    45.5cm   47.3cm -1556.4cm  88.3 65.4 33.7cm
 10    186    -9.2cm   53.9cm -1592.8cm  20.8 53.7 17.2cm
 11     38     9.9cm   59.4cm -1582.2cm  18.8 10.9 11.9cm
 12    885   -38.2cm  -35.5cm -1535.2cm  58.8 95.3 27.2cm  <-
 13     29   -17.6cm   12.2cm -1592.7cm  14.1  9.8 13.4cm
 14     77   -25.1cm   -4.0cm -1582.3cm  15.1 21.7 16.9cm
 15   1626    20.0cm  -25.6cm -1503.8cm  58.1 94.9 59.6cm  <-
 16     39  -115.9cm  -49.9cm -1567.6cm  13.5 20.5 10.3cm
 17     56  -155.0cm  -80.7cm -1548.4cm  19.6 20.5 11.3cm
 18    144   -85.3cm  -59.2cm -1544.3cm  29.5 41.4 28.9cm
 19     26  -130.1cm  -85.9cm -1547.6cm  14.4  9.2  8.7cm
 20     80   -93.2cm  -76.0cm -1541.0cm  22.9 23.9 26.1cm
 21    123   -59.1cm  -76.3cm -1568.7cm  28.5 43.5 26.0cm
 22     69   -99.9cm -104.3cm -1558.7cm  24.2 22.5 19.8cm
 23     42    62.3cm   23.6cm -1569.7cm  13.3 17.5 12.2cm
 24     20   -84.6cm  -94.7cm -1557.0cm  10.7  8.4 10.9cm
 25     15  -106.8cm -114.2cm -1540.9cm   8.7 10.2  4.5cm
 26     61   -65.9cm  -93.1cm -1567.2cm  17.5 22.1 24.4cm
 27     88    62.7cm   14.0cm -1591.7cm  19.3 17.3 18.3cm
 28     27   -78.7cm -117.9cm -1594.6cm   8.3 11.0 13.3cm
 29    596    53.2cm  -51.2cm -1565.5cm  41.2 93.0 44.6cm  <-
 30     64    10.9cm  -81.1cm -1532.1cm  26.2 13.4 13.8cm
 31     66    -0.0cm -106.4cm -1581.3cm  20.2 19.8 19.7cm
 32    134   -13.3cm -142.4cm -1579.9cm  32.6 30.7 16.5cm  <-
 33    106   -18.5cm -157.8cm -1575.5cm  37.7 29.8 16.7cm  <-
 34     86    18.8cm  -98.0cm -1577.4cm  29.6 15.7 17.7cm
 35     26   -35.9cm -168.6cm -1579.5cm  11.4 11.1 11.3cm
 36    215    85.1cm  -14.2cm -1580.3cm  47.7 18.3 37.4cm  <-
 37    569    35.6cm -125.6cm -1539.1cm  73.1 70.2 28.0cm  <-
 38     12    67.2cm  -27.3cm -1556.5cm   5.1  7.8  9.5cm
 39    634    30.3cm -178.6cm -1492.9cm  88.8 47.2 58.7cm
 40    132   -11.5cm -292.3cm -1465.3cm  73.2 20.7 27.3cm  <-
 41     31   -18.6cm -276.3cm -1472.8cm  15.7 10.0 15.0cm
 42     51   -16.6cm -246.3cm -1590.9cm  24.3 15.6 13.9cm
 43     49    14.6cm -202.9cm -1492.9cm  19.8 15.6 17.5cm
 44     46     0.3cm -245.0cm -1517.4cm  21.0 12.3 19.8cm
 45     21    -5.2cm -275.5cm -1461.6cm   9.9  9.7 13.7cm
 46     42    15.6cm -231.9cm -1516.3cm  19.1 13.3 17.2cm
 47     74    48.4cm -169.0cm -1579.5cm  25.5 18.1 22.7cm
 48   1061    98.2cm  -88.5cm -1480.9cm  73.5 61.7 44.1cm  <-
 49     84    44.2cm -206.3cm -1471.0cm  33.6 17.4 21.6cm  <-
 50     30    17.1cm -274.8cm -1442.7cm  15.2 10.7  9.3cm
 51     26   -23.3cm -384.2cm -1498.4cm  14.8  8.9 11.5cm
 52     38    30.1cm -246.4cm -1495.3cm  19.6 14.0  9.5cm
 53     80    28.5cm -262.0cm -1447.1cm  38.2 10.5 32.4cm
 54    826   108.0cm -167.8cm -1495.3cm  114.9 62.1 58.7cm
 55     51    38.9cm -274.3cm -1432.3cm  25.1 13.9 14.4cm
 56     38    41.1cm -299.2cm -1447.1cm  23.6  9.1 10.4cm
 57     80    65.9cm -259.8cm -1422.9cm  37.5 16.6 15.1cm  <-
 58     64    78.4cm -234.6cm -1440.1cm  27.5 14.3 21.5cm
 59     21    62.4cm -283.0cm -1526.4cm   9.9 10.6  9.3cm
 60     95    76.1cm -278.9cm -1427.1cm  46.8 17.0 12.0cm  <-
 61     56    79.3cm -220.0cm -1442.6cm  21.1 14.9 20.0cm
 62    499   124.4cm -223.4cm -1436.6cm  93.9 46.6 65.6cm
 63     44   106.0cm -122.4cm -1492.6cm  20.3  9.0 15.1cm
 64     28    98.6cm -243.3cm -1415.3cm  14.6 10.1  9.3cm
 65     40   103.0cm -301.3cm -1434.5cm  20.6 17.7 13.6cm
 66     76   115.0cm -203.6cm -1487.1cm  29.3 17.3 24.8cm
 67     29   114.8cm -249.0cm -1430.7cm  13.2 11.0 10.5cm
 68     47   111.8cm -206.8cm -1444.4cm  23.5  8.2 13.7cm
 69    102   140.6cm -211.3cm -1460.2cm  40.4 14.4 37.6cm
 70     21   141.5cm -306.1cm -1489.3cm  11.8  8.3 12.5cm
 71     58   138.1cm -148.8cm -1466.7cm  19.0 17.4 25.7cm
 72     73   158.8cm -296.5cm -1511.9cm  34.0 14.7 27.4cm
 73     38   159.1cm -347.7cm -1542.5cm  23.8  8.9 11.1cm
 74     44   158.5cm -310.0cm -1500.8cm  20.8  9.4 19.3cm
 75    104   161.4cm -209.2cm -1548.6cm  36.2 28.0 13.3cm  <-
 76    858   156.4cm -101.5cm -1444.8cm  59.6 60.8 49.6cm  <-
 77     38   137.8cm  -78.9cm -1513.7cm  12.2  9.6 17.5cm
 78     16   -36.0cm -380.0cm -1497.2cm   8.4  9.6  7.2cm
 79     32   188.4cm -333.2cm -1561.7cm  17.6 12.7 12.2cm
 80     51    21.4cm -261.0cm -1491.6cm  25.6 12.2 14.3cm
 81     39   170.1cm -215.8cm -1490.7cm  22.0 17.2  5.9cm
 82     97   160.3cm -137.4cm -1444.8cm  33.4 19.5 17.1cm  <-
 83     30    11.1cm -355.5cm -1500.8cm  16.5 10.5 11.1cm
 84   2159   197.1cm  -54.8cm -1475.9cm  122.6 78.6 57.0cm
 85     35   181.9cm -249.2cm -1493.7cm  16.8 13.4  8.5cm
 86     22   203.5cm -323.7cm -1548.3cm  10.9  9.8  7.3cm
 87     56   193.0cm -273.0cm -1470.9cm  25.5 16.8 12.8cm
 88     57   193.2cm -257.9cm -1477.7cm  24.4 15.3  9.1cm
 89     48   222.4cm -365.2cm -1561.0cm  25.6 11.0 12.5cm
 90     49   196.5cm -230.3cm -1496.2cm  23.4 18.4  6.9cm
 91     60   245.4cm -391.8cm -1543.4cm  33.5 14.8 13.5cm
 92     25   242.1cm -376.1cm -1551.6cm  12.7 13.2  7.9cm
 93     67   193.6cm -185.2cm -1464.6cm  21.6 21.6 14.7cm
 94     62   202.8cm -200.3cm -1467.1cm  21.8 17.8 19.2cm
 95     27   262.2cm -371.3cm -1553.1cm  19.0  6.7  8.5cm
 96     81   222.7cm -210.3cm -1466.3cm  28.2 20.2 10.7cm
 97     25   245.9cm -313.9cm -1555.7cm  12.8 11.1  9.3cm
 98    319   278.7cm -201.3cm -1475.2cm  127.5 74.6 29.2cm
 99    117   213.3cm -165.7cm -1427.8cm  29.2 30.8 36.2cm  <-
100     44   200.4cm -160.9cm -1516.0cm  14.4 17.7 12.2cm
101     64   203.5cm -153.5cm -1429.4cm  18.2 18.2 21.3cm
102     38   241.7cm -236.9cm -1464.0cm  18.8 14.2 10.1cm
103     82   221.5cm -178.5cm -1426.1cm  25.9 21.9 30.6cm
104    164   207.2cm -127.3cm -1504.0cm  32.5 36.1 15.7cm  <-
105    112   269.8cm -267.3cm -1517.2cm  48.5 26.6 13.3cm  <-
106     95   205.8cm -104.2cm -1501.3cm  24.1 19.6 22.1cm
107     17   336.1cm -377.0cm -1578.3cm   7.3 10.9  8.7cm
108    330   236.1cm -143.5cm -1416.1cm  56.5 42.4 38.4cm  <-
109     51   284.8cm -247.0cm -1530.3cm  24.3 15.9 11.5cm
110    279   252.7cm -123.8cm -1449.0cm  83.6 26.7 53.1cm
111     34   230.2cm -131.9cm -1519.2cm  11.6 15.8 11.2cm
112     25   318.3cm -285.7cm -1561.0cm  11.7 11.7  9.0cm
113     34   356.4cm -366.6cm -1538.4cm  17.3 17.3 11.0cm
114     26   248.2cm -159.2cm -1415.0cm  12.4 10.5 11.5cm
115    214   295.8cm -174.0cm -1480.7cm  68.2 43.9 26.2cm  <-
116     30   370.4cm -351.3cm -1529.0cm  15.6 13.8 10.0cm
117     21   258.3cm -157.7cm -1426.9cm   8.0 14.7  8.1cm
118     53   249.5cm -132.0cm -1564.1cm  16.4 16.5 13.1cm
119     85   312.5cm -219.0cm -1509.8cm  36.1 27.3 12.8cm  <-
120     49   240.6cm -111.2cm -1548.7cm  19.4 15.7 14.4cm
121     20   273.2cm -157.6cm -1448.4cm   9.8  9.2 10.4cm
122     27   431.1cm -375.1cm -1546.2cm  15.7 13.4 10.8cm
123     15   424.8cm -354.6cm -1549.9cm   8.2  9.4  7.6cm
124     40   270.9cm -137.9cm -1444.0cm  16.7 13.2 13.7cm
125     14   431.9cm -348.4cm -1547.9cm   7.1  8.2  8.9cm
126     25   350.7cm -231.0cm -1543.8cm  11.9 11.8 10.0cm
127     36   297.4cm -159.3cm -1490.9cm  20.7 16.3  8.4cm
128    256   261.9cm  -95.6cm -1494.3cm  44.6 40.6 30.7cm  <-
129     41   263.9cm -112.6cm -1469.3cm  16.8  9.2 15.9cm
130     82   291.6cm -127.8cm -1462.0cm  32.5 22.9 20.0cm  <-
131     19   444.2cm -319.6cm -1557.3cm  10.8  8.3  6.2cm
132     52   368.8cm -221.5cm -1550.7cm  19.0 18.2 14.5cm
133     24   444.1cm -297.9cm -1565.2cm  14.5 11.1  8.6cm
134     33   403.0cm -227.0cm -1525.4cm  14.7 14.0  9.3cm
135    148   323.1cm -113.2cm -1450.9cm  36.3 44.8 26.2cm  <-
136     43   287.3cm  -98.4cm -1485.2cm  13.0 15.4 12.5cm
137     35   311.4cm -119.1cm -1540.2cm  12.1 17.7  8.9cm
138    155   337.6cm -123.6cm -1455.0cm  38.7 48.9 29.1cm  <-
139     78   373.0cm -168.7cm -1512.0cm  26.4 40.2 24.0cm
140     87   383.8cm -190.3cm -1523.6cm  28.7 38.1 22.3cm
141     55   350.2cm -137.1cm -1458.9cm  16.2 21.0 15.1cm
142    145   320.5cm  -95.1cm -1457.4cm  36.1 36.5 28.8cm  <-
143     53   431.0cm -185.0cm -1552.3cm  16.2 27.4 16.5cm
144     80   306.2cm  -77.8cm -1559.8cm  23.5 18.3 14.8cm
145     19   335.2cm -355.2cm -1580.7cm  11.0  8.6  9.7cm
146     48   232.3cm  -23.9cm -1522.9cm  14.9 14.4 22.8cm
147    103   321.3cm  -81.0cm -1483.9cm  27.1 30.7 28.1cm
148     49   448.7cm -185.1cm -1539.1cm  17.1 23.4 13.5cm
149     39   423.5cm -172.8cm -1564.7cm  14.1 19.5  9.5cm
150     33   357.9cm -119.5cm -1448.8cm  11.9 16.4  9.7cm
151    832   304.4cm  -27.7cm -1492.2cm  70.6 68.2 57.0cm  <-
152     39   187.7cm   24.9cm -1561.1cm  12.2 16.4 16.2cm
153    104   265.8cm  -19.3cm -1577.8cm  25.0 29.0 34.0cm  <-
154     37   317.2cm  -72.7cm -1509.4cm  14.5 18.2 12.6cm
155     27   484.6cm -186.6cm -1561.9cm  12.0 13.8  6.6cm
156     26   344.5cm  -89.4cm -1458.6cm   9.9  9.7 15.5cm
157     20   195.0cm   20.0cm -1596.6cm   9.5  8.1  9.2cm
158     16   245.6cm  -15.0cm -1541.2cm   7.7  9.8  5.0cm
159     36   429.2cm -131.2cm -1565.2cm  13.5 21.7  9.4cm
160     92   450.0cm -124.7cm -1509.4cm  22.0 45.6 25.2cm
161     35   457.0cm -158.8cm -1520.7cm  14.2 18.6 11.9cm
162     55   405.3cm -112.4cm -1536.7cm  18.0 23.5 11.7cm
163     26   393.9cm -105.7cm -1547.5cm  10.5 11.8 10.4cm
164     31   347.2cm  -74.1cm -1488.4cm  14.3 10.2 13.6cm
165     15   241.7cm   -7.5cm -1533.1cm   8.5  9.5  3.6cm
166     63   275.5cm  -18.3cm -1517.4cm  18.6 20.8 19.3cm
167     16   215.1cm   13.6cm -1533.4cm  10.9  3.8  8.8cm
168     33   436.3cm -110.3cm -1507.2cm  10.4 17.2 11.9cm
169     22   426.4cm  -95.7cm -1513.1cm   8.2 13.9 12.5cm
170     18   239.7cm    2.4cm -1532.2cm   8.2 11.2  7.6cm
171     43   258.4cm   -1.5cm -1582.5cm  10.2 16.0 15.1cm
172     21   389.5cm  -70.3cm -1541.9cm   8.0  9.8 12.4cm
173     26   226.2cm -379.9cm -1551.1cm  13.8 10.2  7.3cm
174     25   376.3cm  -55.2cm -1536.7cm   9.3 11.3 14.4cm
175     22   230.7cm   15.2cm -1578.7cm  10.9  5.6 12.5cm
176     61   283.2cm   -3.8cm -1543.0cm  20.7 16.0 12.0cm
177     28   341.7cm  -39.0cm -1476.6cm  13.9 13.9 10.9cm
178     40   390.4cm  -58.9cm -1526.7cm  12.3 15.8 17.1cm
179     41   439.0cm  -80.1cm -1524.2cm  15.0 14.7 17.7cm
180     20   376.3cm  -45.6cm -1525.9cm  10.6  8.3  9.3cm
181    158   252.6cm   24.0cm -1556.8cm  28.6 36.9 29.2cm
182     16   340.7cm  -62.0cm -1508.5cm   8.3  7.1  8.5cm
183     15   355.8cm  -32.7cm -1507.0cm   9.1 10.8  7.2cm
184     81   442.4cm  -39.6cm -1494.6cm  16.2 37.5 19.6cm
185     21    49.9cm -185.0cm -1574.8cm   9.3  8.1  7.2cm
186    288   288.0cm   33.5cm -1537.3cm  39.7 50.4 17.5cm  <-
187   1108   246.8cm   97.6cm -1583.7cm  99.1 117.2 35.1cm
188   1832   121.0cm  131.4cm -1553.3cm  80.7 61.4 52.1cm  <-
189   1374   202.3cm  175.1cm -1545.5cm  78.0 85.3 58.3cm  <-
190    372   307.7cm  123.0cm -1550.3cm  53.7 49.4 33.1cm  <-
191    168   111.3cm  229.1cm -1594.7cm  42.6 19.3 13.7cm  <-
192    677   352.3cm  159.8cm -1585.2cm  88.0 70.0 32.2cm
193     17  -171.3cm  -89.7cm -1550.7cm   8.4  8.8  7.5cm
194     14   133.2cm -310.5cm -1496.4cm   6.9  8.2  7.4cm
195     15   114.2cm -299.1cm -1511.0cm   7.3  8.2  7.9cm
196     15   296.2cm  -91.7cm -1495.8cm   8.6  7.6  9.2cm
197    149   357.4cm   17.6cm -1517.1cm  20.9 50.4 29.1cm
198     73   290.2cm  152.9cm -1582.4cm  18.6 19.6 18.2cm
199     30   291.6cm -353.3cm -1581.1cm  17.5  9.7 10.5cm
200     84   450.4cm   38.9cm -1568.0cm  16.8 34.6 13.4cm
201     24   369.0cm  114.1cm -1547.9cm   9.8 11.9 10.9cm
202     41   229.2cm   36.1cm -1537.2cm  13.5 14.0 19.2cm
203     60   343.6cm  199.9cm -1568.0cm  24.9 20.6 13.3cm
204     31   306.4cm  158.7cm -1584.3cm  10.3 11.5 15.5cm
205    314   352.6cm   92.9cm -1569.7cm  41.1 58.1 28.1cm  <-
206    109   308.8cm   68.9cm -1539.0cm  34.6 28.9 15.9cm  <-
207     97   316.9cm   11.1cm -1568.6cm  18.2 34.7 27.6cm
208     15    53.6cm -277.2cm -1515.9cm   7.0  8.5  7.8cm
209    306   155.5cm  167.9cm -1577.9cm  45.5 46.1 23.4cm  <-
210    109   281.2cm  133.6cm -1582.4cm  11.3 36.0 31.5cm
211    136   198.1cm  106.1cm -1596.0cm  35.9 24.7 17.7cm  <-
212     76   369.7cm    1.3cm -1514.9cm  15.8 26.3 18.7cm
213     94   415.8cm   44.8cm -1572.0cm  15.4 36.3 26.2cm
214     66   344.5cm   17.0cm -1527.3cm  14.9 24.1 14.1cm
215     24   364.8cm   40.0cm -1592.7cm   8.1 11.1 11.8cm
216     17    81.4cm -390.3cm -1509.3cm  11.5  3.9  6.4cm
217     74   455.8cm  -42.4cm -1486.7cm  16.2 33.6 21.4cm
218     62   412.4cm   -5.9cm -1536.5cm  20.4 23.8 20.9cm
219    149   314.3cm   91.9cm -1567.4cm  40.6 23.7 18.5cm  <-
220     60   393.6cm  -35.7cm -1510.1cm  19.6 24.1 14.2cm
221     67   386.1cm -223.8cm -1538.6cm  32.7 27.9 13.0cm  <-
222    124   340.0cm   36.4cm -1573.9cm  22.8 37.7 29.3cm
223     52   328.9cm   10.9cm -1543.2cm  15.5 18.3 14.6cm
224     49   426.6cm  -15.2cm -1532.0cm  14.5 22.3 14.5cm
225     19   331.5cm  139.5cm -1570.9cm   7.4  8.6  8.3cm
226     33   297.0cm  214.6cm -1594.6cm  15.3 13.1 10.3cm
227     36   439.6cm -157.3cm -1529.6cm  11.8 18.7 14.3cm
228    116   432.3cm   40.4cm -1570.4cm  16.5 45.3 19.9cm
229     78   214.7cm  237.6cm -1588.4cm  24.2 20.2 15.7cm
230     24   386.0cm -305.6cm -1509.1cm  13.3 11.9  9.8cm
231     86   490.0cm   46.3cm -1569.0cm  13.9 44.1 11.8cm
232     15   431.6cm -304.4cm -1560.8cm   8.1  7.6  6.2cm
233    170   225.7cm   51.8cm -1518.5cm  32.2 50.8 23.4cm  <-
234     21   265.0cm  -49.0cm -1483.7cm   7.0 14.4 12.9cm
235     20   284.1cm  102.4cm -1552.7cm   5.1 11.6  8.3cm
236     66   282.1cm  206.1cm -1594.0cm  21.4 17.6 11.5cm
237     12   -18.0cm   83.6cm -1594.3cm   3.4 12.0  8.7cm
238     31   189.9cm -173.8cm -1479.8cm  12.2  8.5 19.7cm
239     11    69.5cm -389.9cm -1510.1cm   7.2  3.0  7.4cm
240     23    44.4cm -269.6cm -1504.0cm  10.8 11.8  9.5cm
241     23   261.1cm  -27.2cm -1483.7cm   7.9 10.5 13.2cm
242     22   425.6cm -107.7cm -1526.5cm   5.1 10.8 11.8cm
243     12    32.2cm -176.3cm -1588.9cm   8.7  9.2  5.0cm
244     29    82.6cm -249.4cm -1435.5cm  14.4 11.4 15.6cm
245     53   423.1cm  181.5cm -1595.4cm  18.1 24.5 10.6cm
246     42   249.2cm  156.4cm -1587.5cm   8.4 13.9 16.9cm
247     20   121.6cm -128.3cm -1513.6cm   8.8  5.0  9.1cm
248    126   171.8cm  149.9cm -1591.4cm  30.9 30.5 15.8cm
249     33   472.4cm    8.5cm -1537.0cm  15.5 18.7  9.1cm
250     47   269.7cm   54.9cm -1558.7cm   9.7 18.8 17.1cm
251     31   360.7cm  -23.4cm -1513.7cm  10.2 17.0 11.4cm
252     30   388.4cm  -19.3cm -1530.7cm  11.9  9.8 11.7cm
253     14   204.8cm -137.3cm -1423.7cm   7.1  7.5  7.7cm
254     65   412.3cm   93.5cm -1566.6cm  15.9 31.3 14.4cm
255     91   470.0cm   45.5cm -1569.3cm  18.3 48.1 18.1cm
256     15    75.4cm -201.7cm -1488.6cm   6.5  9.0  9.5cm
257     59   323.4cm -240.5cm -1522.5cm  28.2 20.6 14.1cm
258     43   387.1cm   28.3cm -1550.5cm  14.4 16.2 13.6cm
259     16   322.9cm  201.6cm -1572.2cm   8.4  8.0  7.9cm
260     30   140.5cm  226.7cm -1596.9cm  13.0 16.0  6.5cm
261     10   315.7cm   47.8cm -1540.1cm   5.4  8.0  3.9cm
262     26   487.4cm    8.6cm -1528.3cm  10.9 13.9 11.0cm
263     16   328.6cm -292.0cm -1542.1cm   8.7  9.8  6.1cm
264     15   235.3cm  205.5cm -1597.4cm   7.5  8.3  6.0cm
265     11    24.4cm -355.7cm -1496.3cm   7.1  6.3  6.5cm
266     20   131.2cm  213.3cm -1595.1cm  14.3 10.9  5.3cm
267     27   439.7cm   93.2cm -1588.7cm  10.6 16.1  7.4cm
268     24   376.1cm -294.8cm -1517.9cm  10.7  7.9 10.8cm
269     33   368.8cm  208.5cm -1594.4cm  14.8 15.8  9.7cm
270     21   389.8cm -238.8cm -1525.2cm   9.1 10.6  9.4cm
271     50   406.5cm  -45.4cm -1507.4cm  14.0 22.9 14.2cm
272     28   355.9cm -213.6cm -1563.4cm  12.7 13.9  9.1cm
273     15   349.3cm -350.1cm -1543.1cm   8.3  6.9  9.8cm
274     18   469.3cm  -64.8cm -1490.8cm   7.5  9.1  9.3cm
275     33   244.1cm   21.2cm -1588.6cm  14.4 15.1 10.8cm
276     13   210.4cm -267.6cm -1469.8cm   9.2  5.6  7.5cm
277     26   135.9cm -255.5cm -1448.0cm  16.7  6.5 10.2cm
278     12   375.8cm  -63.3cm -1547.6cm   8.1  5.5  6.2cm
279     21   317.8cm   36.8cm -1549.8cm   5.8 13.2  8.7cm
280     15   151.4cm   64.4cm -1520.4cm   9.1  7.7  9.9cm
281     21   430.1cm -246.2cm -1554.5cm   9.6 12.7  7.5cm
282     12   339.3cm  -79.3cm -1475.7cm   9.4  4.8  4.8cm
283     21   411.9cm  -91.1cm -1570.0cm   8.0  9.1 12.3cm
284     21    60.2cm -233.7cm -1489.3cm   9.4 10.5 10.4cm
285      9   382.7cm   19.0cm -1540.8cm   3.5  5.1  7.8cm
286     22   459.4cm -195.8cm -1530.4cm  10.3 11.8  6.4cm
287     15    65.0cm -214.8cm -1483.3cm   6.3  8.7  9.5cm
288     16   312.6cm -338.2cm -1571.0cm  10.5  6.8  5.4cm
289     10   244.3cm  -23.9cm -1541.5cm   9.4  4.5  5.3cm
290     33   -56.1cm -378.1cm -1587.4cm  18.7 14.5  8.3cm
291     30   428.0cm  -40.1cm -1505.2cm   8.0 16.7 10.7cm
292     50    39.8cm -326.5cm -1468.4cm  30.9 10.0 10.3cm
293     20    53.1cm -357.5cm -1487.6cm  14.3  5.7  7.6cm
294     12    60.5cm -327.2cm -1462.7cm   9.5  6.0  6.6cm
295     20   346.6cm -289.9cm -1558.4cm  11.3 12.7  6.7cm
296     16   245.1cm -298.0cm -1562.9cm   8.1  9.3  6.4cm
297     37   276.4cm -282.4cm -1512.1cm  21.5 15.9 10.6cm
298     21  -123.8cm  -73.0cm -1562.7cm   9.9 12.1  9.2cm
299     29   288.0cm -379.6cm -1544.1cm  17.7 10.0  9.4cm
300     26   456.7cm  -78.5cm -1516.1cm  11.5 12.1  9.3cm
301     15   101.4cm -286.1cm -1436.9cm   7.1  5.7  8.3cm
302     23   211.3cm -384.2cm -1555.3cm  12.7 11.3  6.1cm
303     22   391.6cm   80.4cm -1553.1cm   8.8 14.6  8.7cm
304     11   418.0cm   75.5cm -1577.3cm   8.5  7.0  4.7cm
305     16   138.4cm -215.2cm -1527.8cm   6.4  7.4  9.1cm
306     15   404.4cm  -63.8cm -1518.5cm   9.3  8.2  5.1cm
307     18   484.1cm  -34.7cm -1501.2cm   9.6 10.8  7.4cm
308     23   335.2cm -261.4cm -1536.4cm  11.3  9.2 10.1cm
309     25   474.6cm  -11.3cm -1509.1cm   9.1 13.1  9.3cm
310     12    20.7cm -324.7cm -1472.0cm   9.3  8.2  9.5cm
311     15   368.4cm -306.0cm -1570.0cm   9.9  5.7  9.5cm
312     12    94.5cm  157.1cm -1581.6cm   4.9  7.0  8.5cm
313     15    70.8cm -329.7cm -1463.9cm  11.1  3.2  7.5cm
314     19   216.4cm -323.7cm -1554.2cm  11.2  9.8  8.7cm
315     16   442.6cm -364.8cm -1544.0cm   8.8  9.9  4.5cm
316     14    73.0cm -136.5cm -1538.0cm   9.3  8.8  5.9cm
317     15   -10.5cm -388.6cm -1498.6cm  10.7  7.7  7.1cm
318     12   255.3cm -232.9cm -1466.7cm   7.3  5.3  9.4cm
319     17    -5.7cm -259.3cm -1511.5cm   8.9  5.9  8.2cm
320     15   130.3cm -291.7cm -1493.1cm  10.4  6.2  9.3cm
321     18   399.7cm  193.4cm -1598.4cm   9.1 10.7  5.3cm
322     21   415.4cm   21.3cm -1582.5cm   2.8 12.2 10.5cm
323     18   399.7cm    6.6cm -1544.2cm   8.2  8.9  9.3cm
324     25   108.5cm -327.5cm -1453.6cm  15.3 10.6 10.3cm
325     19   177.7cm -345.7cm -1545.1cm  15.9  4.8 10.8cm
326     17   186.8cm -395.8cm -1567.2cm  11.3  7.5  5.3cm
327     15   269.6cm  -66.8cm -1482.4cm   7.2 11.1  6.2cm
328     11   369.1cm   95.9cm -1556.8cm   7.0  9.0  5.2cm
329      9    68.7cm -218.6cm -1489.8cm   7.6  4.5  4.8cm
330      9   -49.0cm -284.9cm -1480.2cm   7.8  8.7  3.6cm
331     26   432.9cm -133.2cm -1527.9cm   8.6 13.2 11.2cm
332     19   466.2cm  -22.1cm -1495.9cm   7.9  7.7 11.2cm
333     13   326.6cm -268.6cm -1538.1cm   7.7  9.6  7.3cm
334     15   465.5cm -137.4cm -1512.5cm   8.5 10.0  5.2cm
335     15   439.9cm -203.0cm -1550.4cm   8.2  7.9  7.3cm
336     18   193.9cm -342.6cm -1543.5cm  12.3  7.0  7.8cm
337     16    80.2cm -302.2cm -1439.6cm  11.7  5.5  6.4cm
338     16   420.5cm -257.0cm -1555.1cm  11.8  9.9  8.7cm
339     16   166.9cm -368.7cm -1548.8cm   9.0  6.4  6.6cm
340     15    86.5cm -329.7cm -1461.5cm   9.4  5.1  6.4cm
341     11    33.1cm -357.6cm -1494.9cm   8.5  5.6  5.4cm
342     15    -8.4cm -354.4cm -1509.8cm   9.5  7.0  7.5cm
343     15   360.1cm -337.0cm -1532.4cm   7.0  8.1  7.5cm
344     15   271.6cm -383.0cm -1540.3cm  10.3  6.6  5.5cm
345     24   443.6cm -341.4cm -1550.5cm  13.7 10.0  9.4cm
346     14   396.8cm  134.4cm -1588.7cm  10.5  6.7  8.7cm
347     15   378.9cm   97.0cm -1538.8cm  10.4  9.4  7.9cm
348     13   288.0cm   78.0cm -1548.7cm   7.0  7.6  4.6cm
349     11   274.4cm  -64.9cm -1491.3cm   3.7  9.9  6.3cm

kept 42 cluster(s): [5, 7, 12, 15, 29, 32, 33, 36, 37, 40, 48, 49, 57, 60, 75, 76, 82, 99, 104, 105, 108, 115, 119, 128, 130, 135, 138, 142, 151, 153, 186, 188, 189, 190, 191, 205, 206, 209, 211, 219, 221, 233]
  cluster 5: 72 downsampled -> 135 full-res pts
  cluster 7: 1405 downsampled -> 2445 full-res pts
  cluster 12: 885 downsampled -> 1194 full-res pts
  cluster 15: 1626 downsampled -> 2395 full-res pts
  cluster 29: 596 downsampled -> 908 full-res pts
  cluster 32: 134 downsampled -> 169 full-res pts
  cluster 33: 106 downsampled -> 147 full-res pts
  cluster 36: 215 downsampled -> 323 full-res pts
  cluster 37: 569 downsampled -> 787 full-res pts
  cluster 40: 132 downsampled -> 156 full-res pts
  cluster 48: 1061 downsampled -> 1465 full-res pts
  cluster 49: 84 downsampled -> 128 full-res pts
  cluster 57: 80 downsampled -> 104 full-res pts
  cluster 60: 95 downsampled -> 131 full-res pts
  cluster 75: 104 downsampled -> 137 full-res pts
  cluster 76: 858 downsampled -> 1192 full-res pts
  cluster 82: 97 downsampled -> 148 full-res pts
  cluster 99: 117 downsampled -> 158 full-res pts
  cluster 104: 164 downsampled -> 253 full-res pts
  cluster 105: 112 downsampled -> 138 full-res pts
  cluster 108: 330 downsampled -> 444 full-res pts
  cluster 115: 214 downsampled -> 288 full-res pts
  cluster 119: 85 downsampled -> 106 full-res pts
  cluster 128: 256 downsampled -> 346 full-res pts
  cluster 130: 82 downsampled -> 110 full-res pts
  cluster 135: 148 downsampled -> 208 full-res pts
  cluster 138: 155 downsampled -> 214 full-res pts
  cluster 142: 145 downsampled -> 187 full-res pts
  cluster 151: 832 downsampled -> 1141 full-res pts
  cluster 153: 104 downsampled -> 142 full-res pts
  cluster 186: 288 downsampled -> 477 full-res pts
  cluster 188: 1832 downsampled -> 3299 full-res pts
  cluster 189: 1374 downsampled -> 1882 full-res pts
  cluster 190: 372 downsampled -> 519 full-res pts
  cluster 191: 168 downsampled -> 216 full-res pts
  cluster 205: 314 downsampled -> 407 full-res pts
  cluster 206: 109 downsampled -> 152 full-res pts
  cluster 209: 306 downsampled -> 546 full-res pts
  cluster 211: 136 downsampled -> 216 full-res pts
  cluster 219: 149 downsampled -> 202 full-res pts
  cluster 221: 67 downsampled -> 93 full-res pts
  cluster 233: 170 downsampled -> 299 full-res pts
42 candidate cluster(s)
  cluster[0] n=   135 fit_n=   135  r=  4.91cm  axis=[+0.87 -0.48 -0.09]  fit_err=5.28e-04  REJECT (radius out of band)
  cluster[1] n=  2445 fit_n=  1488  r= 18.71cm  axis=[-0.59 -0.80 -0.13]  fit_err=9.39e-01  REJECT (radius out of band)
  cluster[2] n=  1194 fit_n=  1194  r= 18.77cm  axis=[-0.45 +0.89 +0.05]  fit_err=1.70e-01  REJECT (radius out of band)
  cluster[3] n=  2395 fit_n=  1649  r= 24.92cm  axis=[+0.02 +0.93 -0.37]  fit_err=2.95e-01  KEEP
  cluster[4] n=   908 fit_n=   908  r= 13.73cm  axis=[+0.11 +0.99 +0.03]  fit_err=1.99e-01  REJECT (radius out of band)
  cluster[5] n=   169 fit_n=   169  r=  5.68cm  axis=[+0.78 -0.63 -0.02]  fit_err=1.72e-03  REJECT (radius out of band)
  cluster[6] n=   147 fit_n=   147  r=  5.01cm  axis=[+0.82 -0.52 -0.24]  fit_err=9.04e-04  REJECT (radius out of band)
  cluster[7] n=   323 fit_n=   323  r=  5.39cm  axis=[-0.82 +0.01 -0.57]  fit_err=2.76e-03  REJECT (radius out of band)
  cluster[8] n=   787 fit_n=   787  r= 26.33cm  axis=[+0.91 +0.41 +0.07]  fit_err=8.67e-02  KEEP
  cluster[9] n=   156 fit_n=   156  r=  4.09cm  axis=[+0.94 -0.18 +0.28]  fit_err=3.21e-04  REJECT (radius out of band)
  cluster[10] n=  1465 fit_n=  1465  r= 17.70cm  axis=[+1.00 +0.06 -0.01]  fit_err=8.19e-01  REJECT (radius out of band)
  cluster[11] n=   128 fit_n=   128  r=  4.55cm  axis=[+0.86 -0.10 +0.50]  fit_err=4.70e-04  REJECT (radius out of band)
  cluster[12] n=   104 fit_n=   104  r=  4.53cm  axis=[+0.96 -0.29 -0.03]  fit_err=3.93e-04  REJECT (radius out of band)
  cluster[13] n=   131 fit_n=   131  r=  4.46cm  axis=[-0.97 +0.24 +0.01]  fit_err=4.19e-04  REJECT (radius out of band)
  cluster[14] n=   137 fit_n=   137  r=  5.58cm  axis=[+0.68 +0.65 -0.33]  fit_err=8.54e-04  REJECT (radius out of band)
  cluster[15] n=  1192 fit_n=  1192  r= 17.24cm  axis=[-0.18 -0.97 +0.14]  fit_err=5.08e-01  REJECT (radius out of band)
  cluster[16] n=   148 fit_n=   148  r=  6.23cm  axis=[+0.92 +0.39 +0.08]  fit_err=1.38e-03  REJECT (radius out of band)
  cluster[17] n=   158 fit_n=   158  r=  4.92cm  axis=[+0.55 +0.56 +0.62]  fit_err=1.23e-03  REJECT (radius out of band)
  cluster[18] n=   253 fit_n=   253  r=  8.72cm  axis=[+0.80 +0.59 -0.12]  fit_err=6.13e-03  REJECT (radius out of band)
  cluster[19] n=   138 fit_n=   138  r=  3.96cm  axis=[+0.91 +0.42 -0.00]  fit_err=5.17e-04  REJECT (radius out of band)
  cluster[20] n=   444 fit_n=   444  r= 16.27cm  axis=[+0.62 +0.30 -0.73]  fit_err=4.01e-02  REJECT (radius out of band)
  cluster[21] n=   288 fit_n=   288  r=  4.93cm  axis=[+0.82 +0.49 -0.30]  fit_err=2.08e-03  REJECT (radius out of band)
  cluster[22] n=   106 fit_n=   106  r=  3.74cm  axis=[-0.80 -0.60 +0.04]  fit_err=2.30e-04  REJECT (radius out of band)
  cluster[23] n=   346 fit_n=   346  r=  8.91cm  axis=[+0.91 +0.39 +0.09]  fit_err=1.32e-02  REJECT (radius out of band)
  cluster[24] n=   110 fit_n=   110  r=  4.14cm  axis=[+0.80 +0.40 -0.45]  fit_err=3.45e-04  REJECT (radius out of band)
  cluster[25] n=   208 fit_n=   208  r=  5.52cm  axis=[+0.50 +0.82 +0.28]  fit_err=2.11e-03  REJECT (radius out of band)
  cluster[26] n=   214 fit_n=   214  r=  4.99cm  axis=[+0.42 +0.80 +0.42]  fit_err=2.06e-03  REJECT (radius out of band)
  cluster[27] n=   187 fit_n=   187  r=  5.55cm  axis=[+0.61 +0.65 -0.46]  fit_err=1.49e-03  REJECT (radius out of band)
  cluster[28] n=  1141 fit_n=  1141  r= 20.89cm  axis=[+0.84 +0.30 +0.45]  fit_err=2.69e-01  KEEP
  cluster[29] n=   142 fit_n=   142  r=  5.33cm  axis=[+0.45 +0.58 -0.68]  fit_err=4.46e-04  REJECT (radius out of band)
  cluster[30] n=   477 fit_n=   477  r=  9.29cm  axis=[+0.28 +0.96 -0.08]  fit_err=1.60e-02  REJECT (radius out of band)
  cluster[31] n=  3299 fit_n=  1863  r= 20.53cm  axis=[-0.72 -0.17 -0.67]  fit_err=9.60e-01  KEEP
  cluster[32] n=  1882 fit_n=  1882  r= 21.89cm  axis=[-0.46 +0.60 +0.65]  fit_err=7.96e-01  KEEP
  cluster[33] n=   519 fit_n=   519  r= 16.99cm  axis=[-0.95 -0.29 -0.08]  fit_err=5.47e-02  REJECT (radius out of band)
  cluster[34] n=   216 fit_n=   216  r=  5.27cm  axis=[+0.97 +0.10 +0.20]  fit_err=9.63e-04  REJECT (radius out of band)
  cluster[35] n=   407 fit_n=   407  r= 11.59cm  axis=[-0.13 +0.99 +0.09]  fit_err=2.49e-02  REJECT (radius out of band)
  cluster[36] n=   152 fit_n=   152  r=  5.21cm  axis=[+0.72 -0.70 +0.02]  fit_err=5.88e-04  REJECT (radius out of band)
  cluster[37] n=   546 fit_n=   546  r= 13.21cm  axis=[-0.60 +0.79 +0.11]  fit_err=4.39e-02  REJECT (radius out of band)
  cluster[38] n=   216 fit_n=   216  r=  7.34cm  axis=[+0.98 +0.01 +0.19]  fit_err=3.48e-03  REJECT (radius out of band)
  cluster[39] n=   202 fit_n=   202  r=  7.41cm  axis=[+1.00 +0.04 +0.05]  fit_err=4.58e-03  REJECT (radius out of band)
  cluster[40] n=    93 fit_n=    93  r=  3.72cm  axis=[+0.77 +0.64 -0.10]  fit_err=1.88e-04  REJECT (radius out of band)
  cluster[41] n=   299 fit_n=   299  r=  7.20cm  axis=[+0.39 +0.92 +0.06]  fit_err=3.50e-03  REJECT (radius out of band)

wrote 5 detection(s) -> /home/bharath/Projects/masters/methods/ls_cylinder/results/station1_pit_barrels/predictions.json  (76.18s)
