wrote 106905 pts with normals -> /home/bharath/Projects/masters/methods/efficient_ransac/results/station1_pit_barrels/input_xyzn.txt
>> cgal_ransac eps=0.012 clusEps=0.05 minPts=200 nThr=0.85 prob=0.005 seed=42
loaded 106905 points with normals
98 shape(s) detected
>> detected 52 cylinder(s) in 2.031003165s
CYL 0.0703923 1.14927 0.680574 -15.6188 0.00555116 -0.00796837 -0.999953 0.758659 3112
CYL 0.401922 1.14971 0.677872 -15.7184 -0.0468311 0.0817921 -0.995549 0.612801 1064
CYL 0.347857 1.13834 0.661715 -14.9562 0.0449946 0.020271 0.998782 0.620368 1207
CYL 0.21434 1.14026 0.677944 -15.1001 0.0401176 -0.00283036 -0.999191 0.589865 1061
CYL 0.225135 1.14253 0.678995 -15.5559 -0.0185048 -0.0534439 0.998399 0.897516 1085
CYL 0.552895 1.1418 0.696992 -15.7192 0.0184017 -0.100383 0.994779 0.658801 1215
CYL 0.910802 1.15026 0.686273 -15.8656 -0.0401584 0.111428 -0.992961 0.474952 627
CYL 0.678469 1.10648 0.652649 -15.7217 0.0555849 0.0517197 0.997114 0.420876 664
CYL 1.07267 1.14025 0.689411 -15.9003 0.125126 0.026467 0.991788 0.331332 518
CYL 7.03396 -0.251462 -0.207183 -22.3811 0.872665 -0.48832 0 0.801523 341
CYL 0.67709 1.14569 0.670666 -15.142 -0.0819867 0.0690596 0.994238 0.642491 666
CYL 1.15778 1.13409 0.645659 -15.4743 0.00606165 0.123007 0.992387 0.731299 358
CYL 0.493622 1.1575 0.656463 -15.018 -0.0646774 0.0274446 0.997529 0.657031 1200
CYL 0.873322 1.11069 0.682848 -15.2101 0.147676 0.0156302 -0.988912 0.433096 437
CYL 0.848144 1.30102 -0.095797 -15.9158 0.856412 -0.0432325 0.51448 1.06811 1299
CYL 26.3314 4.33897 -0.654383 10.6425 0.971074 -0.23878 0 0.778958 206
CYL 0.497758 1.24987 0.687255 -15.7772 0.0269869 0.037577 0.998929 0.437824 772
CYL 1.4233 1.13987 0.680204 -15.8432 0.111787 0.136202 -0.984354 0.42538 324
CYL 1.26322 1.15534 0.67697 -15.918 -0.100756 0.106738 -0.989169 0.357832 297
CYL 1.40421 1.13921 0.644104 -14.9888 -0.0451184 -0.149209 -0.987776 0.296926 273
CYL 11.011 1.76408 -0.290302 -25.9138 0.799096 0.601203 -0 0.648244 370
CYL 1.33318 1.17628 0.633393 -15.7043 -0.0899719 0.113096 0.989502 0.270244 270
CYL 1.02601 1.12371 0.687159 -15.2377 -0.128048 0.0103133 0.991714 0.477628 334
CYL 11.6092 4.24595 -3.02823 -26.5781 0.999034 0.0439547 -0 0.882581 227
CYL 1.02183 1.10368 0.667783 -15.0692 0.125704 0.0784097 -0.988964 0.194014 285
CYL 8.52682 2.30555 -0.895955 -23.4512 -0.702214 -0.711966 0 0.786425 263
CYL 158.84 -0.32188 -2.60535 143.051 -0.974096 0.226135 0 1.29886 254
CYL 1.18914 1.12904 0.683736 -15.3167 -0.16432 -0.00263489 0.986404 0.270693 230
CYL 0.668289 1.15456 0.755389 -15.7564 -0.017767 0.141078 -0.989839 0.643462 499
CYL 0.880602 1.09309 0.679806 -15.1551 0.132813 0.00520503 -0.991127 0.233152 337
CYL 13.0045 2.30364 -1.4052 -27.995 0.70635 0.707863 -0 1.31242 200
CYL 1.35428 1.16689 0.698792 -15.2935 -0.111891 -0.107776 -0.987859 0.264424 236
CYL 1.0959 1.14655 0.696061 -16.0277 -0.0582225 0.185902 -0.980842 0.297322 311
CYL 1.71897 1.13403 0.710622 -15.5496 0.040417 -0.168237 -0.984918 0.230304 217
CYL 0.661398 1.13245 0.65172 -15.2244 0.0350166 0.0624165 0.997436 0.371512 476
CYL 1.26877 1.1201 0.678982 -15.7925 -0.142081 -0.0508727 0.988547 0.68259 344
CYL 1.55657 1.14241 0.53102 -15.621 0.00451999 -0.175784 -0.984418 0.351674 215
CYL 0.408878 1.33355 0.691019 -15.736 0.118846 -0.416613 0.901282 0.496825 414
CYL 5.12976 0.771903 1.20662 -10.8478 -0.928822 -0.370527 0 0.806095 242
CYL 1.56952 1.16485 0.69186 -15.8694 0.194285 0.0697281 -0.978464 0.546211 275
CYL 6.16525 2.8774 -1.69968 -21.0973 0.603223 0.797445 0.0143033 0.880149 233
CYL 7.28169 1.80203 1.1955 -8.68275 0.154885 0.987932 -0 0.46056 210
CYL 1.58114 1.15316 0.666632 -15.0385 0.135527 -0.147873 -0.979677 0.171843 204
CYL 6.73289 0.996272 -1.99451 -9.15921 -0.810263 -0.586067 0 0.992665 202
CYL 0.746931 1.04661 0.55456 -15.7905 -0.0335947 -0.111099 -0.993241 0.239672 379
CYL 0.880255 1.13879 0.669396 -15.701 0.0739971 0.0669539 0.995008 0.383214 313
CYL 0.931502 1.13864 0.63611 -15.6172 -0.000397392 0.126623 -0.991951 0.312418 237
CYL 1.42932 1.14186 0.657273 -15.7753 -0.0235476 -0.18628 0.982214 0.658042 272
CYL 1.16584 1.03068 0.770251 -15.3658 0.0396954 -0.145218 -0.988603 0.2609 202
CYL 1.27992 2.29113 0.10987 -15.7548 0.427311 0.904105 -0 0.180461 222
CYL 0.597209 1.33839 0.125719 -15.4055 0.78336 0.621568 -0 0.733199 295
CYL 1.25681 0.627799 -0.399518 -15.9498 0.900924 -0.433977 0 0.206452 212
